// Jest Snapshot v1, https://goo.gl/fbAQLP

exports[`Test custom message templates 1`] = `
"msg:This is another commit follow up with no content changes

tree:8bf87c66655949e66937b11593cc4ae732d1f610
author:s0 <s0@users.noreply.github.com>
msg:This is a test message with placeholders:
* <long-sha>
* <sha>
* {branch}

tree:8bf87c66655949e66937b11593cc4ae732d1f610
author:s0 <s0@users.noreply.github.com>"
`;
