// Jest Snapshot v1, https://goo.gl/fbAQLP

exports[`Spaces in folder names are correctly handled 1`] = `
"msg:Update master to output generated at <sha>
tree:3f97adec519b4ce0c5950da8eb91bd2939d20689
author:s0 <s0@users.noreply.github.com>
msg:initial
tree:c1cde76c408d7c8cb6956f35f1e4853366340aec
author:Test User <test@example.com>"
`;
